// Jest Snapshot v1, https://goo.gl/fbAQLP

exports[`<GridTwoColumns /> should render 1`] = `
.c5 {
  color: #0a1128;
  text-transform: uppercase;
  font-size: 5.6rem;
  text-transform: uppercase;
}

.c2 {
  display: grid;
  grid-template-columns: 1fr 2fr;
  -webkit-align-items: center;
  -webkit-box-align: center;
  -ms-flex-align: center;
  align-items: center;
  gap: 4.0rem;
}

.c2 .c4 {
  margin-bottom: 3.2rem;
}

.c0 {
  background: #FFFF;
  color: #0a1128;
  min-height: 100vh;
  display: -webkit-box;
  display: -webkit-flex;
  display: -ms-flexbox;
  display: flex;
  -webkit-align-items: center;
  -webkit-box-align: center;
  -ms-flex-align: center;
  align-items: center;
}

.c1 {
  max-width: 1120rem;
  margin: 0 auto;
  padding: 3.2rem;
}

.c6 {
  font-size: 2.4rem;
}

@media (max-width:768px) {
  .c5 {
    font-size: 4.0rem;
  }
}

@media (max-width:768px) {
  .c2 {
    grid-template-columns: 1fr;
    text-align: center;
  }
}

@media (max-width:768px) {
  .c3 {
    margin-bottom: 3.2rem;
  }
}

<div>
  <div
    class="c0"
  >
    <div
      class="c1"
    >
      <div
        class="c2"
      >
        <div
          class="c3"
        >
          <h1
            class="c4 c5"
          >
            Grid Two Columns
          </h1>
          <p
            class="c6"
          >
            Lorem ipsum, dolor sit amet consectetur adipisicing elit. At,
   praesentium modi maxime exercitationem corporis rem dignissimos
   ullam libero nisi cumque ex distinctio ducimus doloremque voluptatibus
   ad omnis deleniti totam atque.
          </p>
        </div>
        <div
          class=""
        >
          <img
            alt="Grid Two Columns"
            class=""
            src="assets/images/javascript.svg"
          />
        </div>
      </div>
    </div>
  </div>
</div>
`;

exports[`<GridTwoColumns /> should render two column grid 1`] = `
.c5 {
  color: #0a1128;
  text-transform: uppercase;
  font-size: 5.6rem;
  text-transform: uppercase;
}

.c2 {
  display: grid;
  grid-template-columns: 1fr 2fr;
  -webkit-align-items: center;
  -webkit-box-align: center;
  -ms-flex-align: center;
  align-items: center;
  gap: 4.0rem;
}

.c2 .c4 {
  margin-bottom: 3.2rem;
}

.c0 {
  background: #FFFF;
  color: #0a1128;
  min-height: 100vh;
  display: -webkit-box;
  display: -webkit-flex;
  display: -ms-flexbox;
  display: flex;
  -webkit-align-items: center;
  -webkit-box-align: center;
  -ms-flex-align: center;
  align-items: center;
}

.c1 {
  max-width: 1120rem;
  margin: 0 auto;
  padding: 3.2rem;
}

.c6 {
  font-size: 2.4rem;
}

@media (max-width:768px) {
  .c5 {
    font-size: 4.0rem;
  }
}

@media (max-width:768px) {
  .c2 {
    grid-template-columns: 1fr;
    text-align: center;
  }
}

@media (max-width:768px) {
  .c3 {
    margin-bottom: 3.2rem;
  }
}

<div>
  <div
    class="c0"
  >
    <div
      class="c1"
    >
      <div
        class="c2"
      >
        <div
          class="c3"
        >
          <h1
            class="c4 c5"
          >
            Grid Two Columns
          </h1>
          <p
            class="c6"
          >
            Lorem ipsum, dolor sit amet consectetur adipisicing elit. At,
   praesentium modi maxime exercitationem corporis rem dignissimos
   ullam libero nisi cumque ex distinctio ducimus doloremque voluptatibus
   ad omnis deleniti totam atque.
          </p>
        </div>
        <div
          class=""
        >
          <img
            alt="Grid Two Columns"
            class=""
            src="assets/images/javascript.svg"
          />
        </div>
      </div>
    </div>
  </div>
</div>
`;
